I'm sorry, but errors were detected in your script. Please correct the
errors listed below, and try again.


File "game/akti.rpy", line 873: expected statement.
    sohw p1pl bneutral wink_player lsmile with fc
                                          ^

Ren'Py Version: Ren'Py 7.4.0.1167
Sun Feb  7 19:37:09 2021
